C:\projects\PLC\RSD\Logical\Global.typ
C:\projects\PLC\RSD\Logical\Global.var
C:\projects\PLC\RSD\Logical\Global2.typ
C:\projects\PLC\RSD\Logical\Libraries\operator\operator.fun
C:\projects\PLC\RSD\Logical\Libraries\operator\operator.typ
C:\projects\PLC\RSD\Logical\Libraries\operator\operator.var
C:\projects\PLC\RSD\Logical\Libraries\runtime\runtime.fun
C:\projects\PLC\RSD\Logical\Libraries\runtime\runtime.typ
C:\projects\PLC\RSD\Logical\Libraries\runtime\runtime.var
C:\projects\PLC\RSD\Logical\Libraries\astime\astime.fun
C:\projects\PLC\RSD\Logical\Libraries\astime\astime.typ
C:\projects\PLC\RSD\Logical\Libraries\astime\astime.var
C:\projects\PLC\RSD\Logical\Libraries\AsIecCon\AsIecCon.fun
C:\projects\PLC\RSD\Logical\Libraries\AsIecCon\AsIecCon.typ
C:\projects\PLC\RSD\Logical\Libraries\AsIecCon\AsIecCon.var
C:\projects\PLC\RSD\Logical\Libraries\AsHttp\AsHttp.fun
C:\projects\PLC\RSD\Logical\Libraries\AsHttp\AsHttp.typ
C:\projects\PLC\RSD\Logical\Libraries\AsHttp\AsHttp.var
C:\projects\PLC\RSD\Logical\Libraries\AsTCP\AsTCP.fun
C:\projects\PLC\RSD\Logical\Libraries\AsTCP\AsTCP.typ
C:\projects\PLC\RSD\Logical\Libraries\AsTCP\AsTCP.var
C:\projects\PLC\RSD\Logical\Libraries\AsUDP\AsUDP.fun
C:\projects\PLC\RSD\Logical\Libraries\AsUDP\AsUDP.typ
C:\projects\PLC\RSD\Logical\Libraries\AsUDP\AsUDP.var
C:\projects\PLC\RSD\Logical\Libraries\standard\standard.fun
C:\projects\PLC\RSD\Logical\Libraries\standard\standard.typ
C:\projects\PLC\RSD\Logical\Libraries\standard\standard.var
C:\projects\PLC\RSD\Logical\Libraries\MTBasics\MTBasics.fun
C:\projects\PLC\RSD\Logical\Libraries\MTBasics\MTBasics.typ
C:\projects\PLC\RSD\Logical\Libraries\MTBasics\MTBasics.var
C:\projects\PLC\RSD\Logical\Libraries\brsystem\brsystem.fun
C:\projects\PLC\RSD\Logical\Libraries\brsystem\brsystem.typ
C:\projects\PLC\RSD\Logical\Libraries\brsystem\brsystem.var
C:\projects\PLC\RSD\Logical\Libraries\MTTypes\MTTypes.fun
C:\projects\PLC\RSD\Logical\Libraries\MTTypes\MTTypes.typ
C:\projects\PLC\RSD\Logical\Libraries\MTTypes\MTTypes.var
C:\projects\PLC\RSD\Logical\Libraries\sys_lib\sys_lib.fun
C:\projects\PLC\RSD\Logical\Libraries\sys_lib\sys_lib.typ
C:\projects\PLC\RSD\Logical\Libraries\sys_lib\sys_lib.var
C:\projects\PLC\RSD\Logical\Libraries\asstring\asstring.fun
C:\projects\PLC\RSD\Logical\Libraries\asstring\asstring.typ
C:\projects\PLC\RSD\Logical\Libraries\asstring\asstring.var
