C:\projects\RSD\Logical\Global.typ
C:\projects\RSD\Logical\Global.var
C:\projects\RSD\Logical\Libraries\operator\operator.fun
C:\projects\RSD\Logical\Libraries\operator\operator.typ
C:\projects\RSD\Logical\Libraries\operator\operator.var
C:\projects\RSD\Logical\Libraries\runtime\runtime.fun
C:\projects\RSD\Logical\Libraries\runtime\runtime.typ
C:\projects\RSD\Logical\Libraries\runtime\runtime.var
C:\projects\RSD\Logical\Libraries\astime\astime.fun
C:\projects\RSD\Logical\Libraries\astime\astime.typ
C:\projects\RSD\Logical\Libraries\astime\astime.var
C:\projects\RSD\Logical\Libraries\AsIecCon\AsIecCon.fun
C:\projects\RSD\Logical\Libraries\AsIecCon\AsIecCon.typ
C:\projects\RSD\Logical\Libraries\AsIecCon\AsIecCon.var
C:\projects\RSD\Logical\Libraries\AsHttp\AsHttp.fun
C:\projects\RSD\Logical\Libraries\AsHttp\AsHttp.typ
C:\projects\RSD\Logical\Libraries\AsHttp\AsHttp.var
C:\projects\RSD\Logical\Libraries\AsTCP\AsTCP.fun
C:\projects\RSD\Logical\Libraries\AsTCP\AsTCP.typ
C:\projects\RSD\Logical\Libraries\AsTCP\AsTCP.var
